---
source: tui/src/status/tests.rs
expression: sanitized
---
/status

╭────────────────────────────────────────╮
│  >_ Redapto (v0.0.0)                   │
│                                        │
│  Model:                ｶﾞﾊﾟｶﾞﾊﾟｶﾞﾊﾟｶﾞ  │
│  Directory: [[workspace]]              │
│  Permissions:          Custom (workspa │
│  Agents.md:            <none>          │
│  Account:              ｶﾞﾊﾟｶﾞﾊﾟｶﾞﾊﾟ@ex │
│  Thread name:          ｶﾞﾊﾟｶﾞﾊﾟｶﾞﾊﾟｶﾞ  │
│  Collaboration mode:   ｶﾞﾊﾟ collaborat │
│                                        │
│  Token usage:          0 total  (0 inp │
│  Limits:               data not availa │
╰────────────────────────────────────────╯
