// Vitest Snapshot v1, https://vitest.dev/guide/snapshot.html

exports[`AuthenticationNotice > starts browser sign in and has stable pending UI 1`] = `
<DocumentFragment>
  <div
    class="authentication-notice"
    role="status"
  >
    <svg
      aria-hidden="true"
      class="lucide lucide-log-in"
      fill="none"
      height="16"
      stroke="currentColor"
      stroke-linecap="round"
      stroke-linejoin="round"
      stroke-width="2"
      viewBox="0 0 24 24"
      width="16"
      xmlns="http://www.w3.org/2000/svg"
    >
      <path
        d="M15 3h4a2 2 0 0 1 2 2v14a2 2 0 0 1-2 2h-4"
      />
      <polyline
        points="10 17 15 12 10 7"
      />
      <line
        x1="15"
        x2="3"
        y1="12"
        y2="12"
      />
    </svg>
    <div>
      <strong>
        Sign in to use Codex
      </strong>
      <span>
        Connect ChatGPT before sending a message.
      </span>
    </div>
    <button
      class="button-primary"
      type="button"
    >
      Sign in
    </button>
  </div>
</DocumentFragment>
`;
