---
source: tui/src/bottom_pane/feedback_view.rs
expression: rendered
---
Upload logs?

The following files will be sent:
  • redapto-logs.log
  • redapto-diagnostics-report.json
  • redapto-tools-cache.json (if available)
  • redapto-app-directory-cache.json (if available)
  • windows-sandbox.log
  • rollout.jsonl
  • auto-review-rollout.jsonl
